node.exe : FAIL 
src/app/admin/support/__tests__/actions.test.ts
At line:1 char:1
+ & "C:\Program Files\nodejs/node.exe" 
"C:\Users\bibek\AppData\Roaming\ ...
+ ~~~~~~~~~~~~~~~~~~~~~~~~~~~~~~~~~~~~~~~~~~~~~~~~~~~~~~
~~~~~~~~~~~~~~~
    + CategoryInfo          : NotSpecified: (FAIL src/a 
   pp/ad...actions.test.ts:String) [], RemoteException
    + FullyQualifiedErrorId : NativeCommandError
 
  ΓùÅ Console

    console.error
      getTickets - Error: { message: 'DB error' }

    [0m [90m 107 |[39m
     [90m 108 |[39m     [36mif[39m (error) {
    [31m[1m>[22m[39m[90m 109 |[39m       
console[33m.[39merror([32m'getTickets - 
Error:'[39m[33m,[39m error)[33m;[39m
     [90m     |[39m               [31m[1m^[22m[39m
     [90m 110 |[39m       [36mreturn[39m { 
tickets[33m:[39m [][33m,[39m total[33m:[39m 
[35m0[39m[33m,[39m hasMore[33m:[39m 
[36mfalse[39m[33m,[39m error[33m:[39m 
error[33m.[39mmessage }[33m;[39m
     [90m 111 |[39m     }
     [90m 112 |[39m[0m

      at error (src/app/admin/support/actions.ts:109:15)
      at Object.<anonymous> 
(src/app/admin/support/__tests__/actions.test.ts:100:20)

    console.error
      updateCustomerNotes - Catch: TypeError: 
supabase.from(...).select(...).eq(...).single is not a 
function
          at single (D:\Coding\Own Code\Lyra Fashion_Alp
ha\lyra-fashion\src\app\admin\support\actions.ts:434:8)
          at Object.<anonymous> (D:\Coding\Own 
Code\Lyra Fashion_Alpha\lyra-fashion\src\app\admin\suppo
rt\__tests__\actions.test.ts:349:20)

    [0m [90m 464 |[39m     [36mreturn[39m { 
data[33m:[39m [36mnull[39m }[33m;[39m
     [90m 465 |[39m   } [36mcatch[39m (err) {
    [31m[1m>[22m[39m[90m 466 |[39m     
console[33m.[39merror([32m'updateCustomerNotes - 
Catch:'[39m[33m,[39m err)[33m;[39m
     [90m     |[39m             [31m[1m^[22m[39m
     [90m 467 |[39m     [36mreturn[39m {
     [90m 468 |[39m       data[33m:[39m 
[36mnull[39m[33m,[39m
     [90m 469 |[39m       error[33m:[39m err 
[36minstanceof[39m [33mError[39m [33m?[39m 
err[33m.[39mmessage [33m:[39m [32m'Failed to 
update notes'[39m[33m,[39m[0m

      at error (src/app/admin/support/actions.ts:466:13)
      at Object.<anonymous> 
(src/app/admin/support/__tests__/actions.test.ts:349:20)

  ΓùÅ updateCustomerNotes ΓÇ║ should append a note to 
the customer

    expect(received).toBeUndefined()

    Received: 
"supabase.from(...).select(...).eq(...).single is not a 
function"

    [0m [90m 352 |[39m     )[33m;[39m
     [90m 353 |[39m
    [31m[1m>[22m[39m[90m 354 |[39m     expect(resu
lt[33m.[39merror)[33m.[39mtoBeUndefined()[33m;[39m
     [90m     |[39m                          
[31m[1m^[22m[39m
     [90m 355 |[39m   })[33m;[39m
     [90m 356 |[39m
     [90m 357 |[39m   it([32m'should reject note 
exceeding 2000 characters'[39m[33m,[39m 
[36masync[39m () [33m=>[39m {[0m

      at Object.toBeUndefined 
(src/app/admin/support/__tests__/actions.test.ts:354:26)

PASS src/components/admin/support/__tests__/support-comp
onents.test.tsx
PASS src/app/admin/support/templates/__tests__/actions.t
est.ts

Test Suites: 1 failed, 2 passed, 3 total
Tests:       1 failed, 34 passed, 35 total
Snapshots:   0 total
Time:        1.217 s
Ran all test suites matching admin/support.
